// Jest Snapshot v1, https://goo.gl/fbAQLP

exports[`renders homepage unchanged 1`] = `
<div>
  <div>
    <main
      class="text-center"
    >
      <h1
        class="text-4xl mt-8 mb-8"
      >
        Roman Numeral Calculator
      </h1>
      <form>
        <input
          class="border-2 rounded p-2 mr-2"
          role="textbox"
          type="text"
          value=""
        />
        <button
          class="bg-blue-500 p-2 rounded text-white"
          type="submit"
        >
          Convert
        </button>
      </form>
    </main>
  </div>
</div>
`;
